Resolving dependencies...
Downloading packages...
  _fe_analyzer_shared 61.0.0 (92.0.0 available)
  analyzer 5.13.0 (9.0.0 available)
  analyzer_plugin 0.11.2 (0.13.11 available)
  build 2.4.1 (4.0.3 available)
  build_config 1.1.2 (1.2.0 available)
  build_resolvers 2.4.2 (3.0.4 available)
  build_runner 2.4.13 (2.10.4 available)
  build_runner_core 7.3.2 (9.3.2 available)
  characters 1.4.0 (1.4.1 available)
  custom_lint_core 0.6.3 (0.8.1 available)
  dart_style 2.3.2 (3.1.3 available)
  extension_google_sign_in_as_googleapis_auth 2.0.13 (3.0.0 available)
  flutter_riverpod 2.6.1 (3.0.3 available)
  freezed_annotation 2.4.4 (3.1.0 available)
  google_mlkit_commons 0.8.1 (0.11.0 available)
  google_mlkit_text_recognition 0.13.1 (0.15.0 available)
  google_sign_in 6.1.6 (7.2.0 available)
  google_sign_in_android 6.2.1 (7.2.7 available)
  google_sign_in_ios 5.9.0 (6.2.4 available)
  google_sign_in_platform_interface 2.5.0 (3.1.0 available)
  google_sign_in_web 0.12.4+4 (1.1.0 available)
  js 0.6.7 (0.7.2 available)
  json_serializable 6.8.0 (6.11.3 available)
  matcher 0.12.17 (0.12.18 available)
  material_color_utilities 0.11.1 (0.13.0 available)
  riverpod 2.6.1 (3.0.3 available)
  riverpod_analyzer_utils 0.5.1 (0.5.10 available)
  riverpod_annotation 2.6.1 (3.0.3 available)
  riverpod_generator 2.4.0 (3.0.3 available)
  shelf_web_socket 2.0.1 (3.0.0 available)
  source_gen 1.5.0 (4.1.1 available)
  source_helper 1.3.5 (1.3.9 available)
  test_api 0.7.7 (0.7.8 available)
Got dependencies!
33 packages have newer versions incompatible with dependency constraints.
Try `flutter pub outdated` for more information.
Running Gradle task 'assembleRelease'...                        
Failed to set compileSdkVersion for app: null
Forced compileSdkVersion to 34 for dynamic_color
Forced compileSdkVersion to 34 for file_picker
Forced compileSdkVersion to 34 for flutter_plugin_android_lifecycle
Forced compileSdkVersion to 34 for flutter_secure_storage
Forced compileSdkVersion to 34 for google_mlkit_commons
Forced compileSdkVersion to 34 for google_mlkit_text_recognition
Forced compileSdkVersion to 34 for google_sign_in_android
Forced compileSdkVersion to 34 for image_picker_android
Set namespace for isar_flutter_libs
Forced compileSdkVersion to 34 for isar_flutter_libs
Forced compileSdkVersion to 34 for path_provider_android
Forced compileSdkVersion to 34 for share_plus
Forced compileSdkVersion to 34 for shared_preferences_android
Forced compileSdkVersion to 34 for url_launcher_android
Forced compileSdkVersion to 34 for workmanager_android
Caught exception: Already watching path: /usr/share/flutter/packages/flutter_tools/gradle
Running Gradle task 'assembleRelease'...                           31.2s
✓ Built build/app/outputs/flutter-apk/app-release.apk (93.7MB)
